Archive member included to satisfy reference by file (symbol)

c:/st/stm32cubeide_1.1.0/stm32cubeide/plugins/com.st.stm32cube.ide.mcu.externaltools.gnu-tools-for-stm32.7-2018-q2-update.win32_1.0.0.201904181610/tools/bin/../lib/gcc/arm-none-eabi/7.3.1/../../../../arm-none-eabi/lib/thumb/v7e-m/fpv4-sp/hard\libm.a(lib_a-w_sqrt.o)
                              Core/Src/main.o (sqrt)
c:/st/stm32cubeide_1.1.0/stm32cubeide/plugins/com.st.stm32cube.ide.mcu.externaltools.gnu-tools-for-stm32.7-2018-q2-update.win32_1.0.0.201904181610/tools/bin/../lib/gcc/arm-none-eabi/7.3.1/../../../../arm-none-eabi/lib/thumb/v7e-m/fpv4-sp/hard\libm.a(lib_a-e_sqrt.o)
                              c:/st/stm32cubeide_1.1.0/stm32cubeide/plugins/com.st.stm32cube.ide.mcu.externaltools.gnu-tools-for-stm32.7-2018-q2-update.win32_1.0.0.201904181610/tools/bin/../lib/gcc/arm-none-eabi/7.3.1/../../../../arm-none-eabi/lib/thumb/v7e-m/fpv4-sp/hard\libm.a(lib_a-w_sqrt.o) (__ieee754_sqrt)
c:/st/stm32cubeide_1.1.0/stm32cubeide/plugins/com.st.stm32cube.ide.mcu.externaltools.gnu-tools-for-stm32.7-2018-q2-update.win32_1.0.0.201904181610/tools/bin/../lib/gcc/arm-none-eabi/7.3.1/../../../../arm-none-eabi/lib/thumb/v7e-m/fpv4-sp/hard\libm.a(lib_a-s_lib_ver.o)
                              c:/st/stm32cubeide_1.1.0/stm32cubeide/plugins/com.st.stm32cube.ide.mcu.externaltools.gnu-tools-for-stm32.7-2018-q2-update.win32_1.0.0.201904181610/tools/bin/../lib/gcc/arm-none-eabi/7.3.1/../../../../arm-none-eabi/lib/thumb/v7e-m/fpv4-sp/hard\libm.a(lib_a-w_sqrt.o) (__fdlib_version)
c:/st/stm32cubeide_1.1.0/stm32cubeide/plugins/com.st.stm32cube.ide.mcu.externaltools.gnu-tools-for-stm32.7-2018-q2-update.win32_1.0.0.201904181610/tools/bin/../lib/gcc/arm-none-eabi/7.3.1/../../../../arm-none-eabi/lib/thumb/v7e-m/fpv4-sp/hard\libm.a(lib_a-s_matherr.o)
                              c:/st/stm32cubeide_1.1.0/stm32cubeide/plugins/com.st.stm32cube.ide.mcu.externaltools.gnu-tools-for-stm32.7-2018-q2-update.win32_1.0.0.201904181610/tools/bin/../lib/gcc/arm-none-eabi/7.3.1/../../../../arm-none-eabi/lib/thumb/v7e-m/fpv4-sp/hard\libm.a(lib_a-w_sqrt.o) (matherr)
c:/st/stm32cubeide_1.1.0/stm32cubeide/plugins/com.st.stm32cube.ide.mcu.externaltools.gnu-tools-for-stm32.7-2018-q2-update.win32_1.0.0.201904181610/tools/bin/../lib/gcc/arm-none-eabi/7.3.1/../../../../arm-none-eabi/lib/thumb/v7e-m/fpv4-sp/hard\libc_nano.a(lib_a-errno.o)
                              Core/Src/syscalls.o (__errno)
c:/st/stm32cubeide_1.1.0/stm32cubeide/plugins/com.st.stm32cube.ide.mcu.externaltools.gnu-tools-for-stm32.7-2018-q2-update.win32_1.0.0.201904181610/tools/bin/../lib/gcc/arm-none-eabi/7.3.1/../../../../arm-none-eabi/lib/thumb/v7e-m/fpv4-sp/hard\libc_nano.a(lib_a-exit.o)
                              c:/st/stm32cubeide_1.1.0/stm32cubeide/plugins/com.st.stm32cube.ide.mcu.externaltools.gnu-tools-for-stm32.7-2018-q2-update.win32_1.0.0.201904181610/tools/bin/../lib/gcc/arm-none-eabi/7.3.1/../../../../arm-none-eabi/lib/thumb/v7e-m/fpv4-sp/hard/crt0.o (exit)
c:/st/stm32cubeide_1.1.0/stm32cubeide/plugins/com.st.stm32cube.ide.mcu.externaltools.gnu-tools-for-stm32.7-2018-q2-update.win32_1.0.0.201904181610/tools/bin/../lib/gcc/arm-none-eabi/7.3.1/../../../../arm-none-eabi/lib/thumb/v7e-m/fpv4-sp/hard\libc_nano.a(lib_a-impure.o)
                              c:/st/stm32cubeide_1.1.0/stm32cubeide/plugins/com.st.stm32cube.ide.mcu.externaltools.gnu-tools-for-stm32.7-2018-q2-update.win32_1.0.0.201904181610/tools/bin/../lib/gcc/arm-none-eabi/7.3.1/../../../../arm-none-eabi/lib/thumb/v7e-m/fpv4-sp/hard\libc_nano.a(lib_a-exit.o) (_global_impure_ptr)
c:/st/stm32cubeide_1.1.0/stm32cubeide/plugins/com.st.stm32cube.ide.mcu.externaltools.gnu-tools-for-stm32.7-2018-q2-update.win32_1.0.0.201904181610/tools/bin/../lib/gcc/arm-none-eabi/7.3.1/../../../../arm-none-eabi/lib/thumb/v7e-m/fpv4-sp/hard\libc_nano.a(lib_a-init.o)
                              c:/st/stm32cubeide_1.1.0/stm32cubeide/plugins/com.st.stm32cube.ide.mcu.externaltools.gnu-tools-for-stm32.7-2018-q2-update.win32_1.0.0.201904181610/tools/bin/../lib/gcc/arm-none-eabi/7.3.1/../../../../arm-none-eabi/lib/thumb/v7e-m/fpv4-sp/hard/crt0.o (__libc_init_array)
c:/st/stm32cubeide_1.1.0/stm32cubeide/plugins/com.st.stm32cube.ide.mcu.externaltools.gnu-tools-for-stm32.7-2018-q2-update.win32_1.0.0.201904181610/tools/bin/../lib/gcc/arm-none-eabi/7.3.1/../../../../arm-none-eabi/lib/thumb/v7e-m/fpv4-sp/hard\libc_nano.a(lib_a-memset.o)
                              c:/st/stm32cubeide_1.1.0/stm32cubeide/plugins/com.st.stm32cube.ide.mcu.externaltools.gnu-tools-for-stm32.7-2018-q2-update.win32_1.0.0.201904181610/tools/bin/../lib/gcc/arm-none-eabi/7.3.1/../../../../arm-none-eabi/lib/thumb/v7e-m/fpv4-sp/hard/crt0.o (memset)
c:/st/stm32cubeide_1.1.0/stm32cubeide/plugins/com.st.stm32cube.ide.mcu.externaltools.gnu-tools-for-stm32.7-2018-q2-update.win32_1.0.0.201904181610/tools/bin/../lib/gcc/arm-none-eabi/7.3.1/thumb/v7e-m/fpv4-sp/hard\libgcc.a(_arm_addsubdf3.o)
[...]
Memory Configuration

Name             Origin             Length             Attributes
CCMRAM           0x0000000010000000 0x0000000000001000 xrw
RAM              0x0000000020000000 0x0000000000003000 xrw
FLASH            0x0000000008000000 0x0000000000010000 xr
*default*        0x0000000000000000 0xffffffffffffffff

Linker script and memory map

LOAD c:/st/stm32cubeide_1.1.0/stm32cubeide/plugins/com.st.stm32cube.ide.mcu.externaltools.gnu-tools-for-stm32.7-2018-q2-update.win32_1.0.0.201904181610/tools/bin/../lib/gcc/arm-none-eabi/7.3.1/thumb/v7e-m/fpv4-sp/hard/crti.o
LOAD c:/st/stm32cubeide_1.1.0/stm32cubeide/plugins/com.st.stm32cube.ide.mcu.externaltools.gnu-tools-for-stm32.7-2018-q2-update.win32_1.0.0.201904181610/tools/bin/../lib/gcc/arm-none-eabi/7.3.1/thumb/v7e-m/fpv4-sp/hard/crtbegin.o
LOAD c:/st/stm32cubeide_1.1.0/stm32cubeide/plugins/com.st.stm32cube.ide.mcu.externaltools.gnu-tools-for-stm32.7-2018-q2-update.win32_1.0.0.201904181610/tools/bin/../lib/gcc/arm-none-eabi/7.3.1/../../../../arm-none-eabi/lib/thumb/v7e-m/fpv4-sp/hard/crt0.o
LOAD Core/Src/main.o
LOAD Core/Src/stm32f3xx_hal_msp.o
LOAD Core/Src/stm32f3xx_it.o
LOAD Core/Src/syscalls.o
LOAD Core/Src/sysmem.o
LOAD Core/Src/system_stm32f3xx.o
LOAD Core/Startup/startup_stm32f303k8tx.o
LOAD Drivers/STM32F3xx_HAL_Driver/Src/stm32f3xx_hal.o
LOAD Drivers/STM32F3xx_HAL_Driver/Src/stm32f3xx_hal_cortex.o
LOAD Drivers/STM32F3xx_HAL_Driver/Src/stm32f3xx_hal_dma.o
LOAD Drivers/STM32F3xx_HAL_Driver/Src/stm32f3xx_hal_exti.o
LOAD Drivers/STM32F3xx_HAL_Driver/Src/stm32f3xx_hal_flash.o
LOAD Drivers/STM32F3xx_HAL_Driver/Src/stm32f3xx_hal_flash_ex.o
LOAD Drivers/STM32F3xx_HAL_Driver/Src/stm32f3xx_hal_gpio.o
LOAD Drivers/STM32F3xx_HAL_Driver/Src/stm32f3xx_hal_i2c.o
LOAD Drivers/STM32F3xx_HAL_Driver/Src/stm32f3xx_hal_i2c_ex.o
LOAD Drivers/STM32F3xx_HAL_Driver/Src/stm32f3xx_hal_pwr.o
LOAD Drivers/STM32F3xx_HAL_Driver/Src/stm32f3xx_hal_pwr_ex.o
LOAD Drivers/STM32F3xx_HAL_Driver/Src/stm32f3xx_hal_rcc.o
LOAD Drivers/STM32F3xx_HAL_Driver/Src/stm32f3xx_hal_rcc_ex.o
LOAD Drivers/STM32F3xx_HAL_Driver/Src/stm32f3xx_hal_tim.o
LOAD Drivers/STM32F3xx_HAL_Driver/Src/stm32f3xx_hal_tim_ex.o
START GROUP
LOAD c:/st/stm32cubeide_1.1.0/stm32cubeide/plugins/com.st.stm32cube.ide.mcu.externaltools.gnu-tools-for-stm32.7-2018-q2-update.win32_1.0.0.201904181610/tools/bin/../lib/gcc/arm-none-eabi/7.3.1/../../../../arm-none-eabi/lib/thumb/v7e-m/fpv4-sp/hard\libstdc++_nano.a
LOAD c:/st/stm32cubeide_1.1.0/stm32cubeide/plugins/com.st.stm32cube.ide.mcu.externaltools.gnu-tools-for-stm32.7-2018-q2-update.win32_1.0.0.201904181610/tools/bin/../lib/gcc/arm-none-eabi/7.3.1/../../../../arm-none-eabi/lib/thumb/v7e-m/fpv4-sp/hard\libsupc++_nano.a
END GROUP
LOAD c:/st/stm32cubeide_1.1.0/stm32cubeide/plugins/com.st.stm32cube.ide.mcu.externaltools.gnu-tools-for-stm32.7-2018-q2-update.win32_1.0.0.201904181610/tools/bin/../lib/gcc/arm-none-eabi/7.3.1/../../../../arm-none-eabi/lib/thumb/v7e-m/fpv4-sp/hard\libstdc++_nano.a
LOAD c:/st/stm32cubeide_1.1.0/stm32cubeide/plugins/com.st.stm32cube.ide.mcu.externaltools.gnu-tools-for-stm32.7-2018-q2-update.win32_1.0.0.201904181610/tools/bin/../lib/gcc/arm-none-eabi/7.3.1/../../../../arm-none-eabi/lib/thumb/v7e-m/fpv4-sp/hard\libm.a
LOAD c:/st/stm32cubeide_1.1.0/stm32cubeide/plugins/com.st.stm32cube.ide.mcu.externaltools.gnu-tools-for-stm32.7-2018-q2-update.win32_1.0.0.201904181610/tools/bin/../lib/gcc/arm-none-eabi/7.3.1/../../../../arm-none-eabi/lib/thumb/v7e-m/fpv4-sp/hard\libc_nano.a
START GROUP
LOAD c:/st/stm32cubeide_1.1.0/stm32cubeide/plugins/com.st.stm32cube.ide.mcu.externaltools.gnu-tools-for-stm32.7-2018-q2-update.win32_1.0.0.201904181610/tools/bin/../lib/gcc/arm-none-eabi/7.3.1/thumb/v7e-m/fpv4-sp/hard\libgcc.a
LOAD c:/st/stm32cubeide_1.1.0/stm32cubeide/plugins/com.st.stm32cube.ide.mcu.externaltools.gnu-tools-for-stm32.7-2018-q2-update.win32_1.0.0.201904181610/tools/bin/../lib/gcc/arm-none-eabi/7.3.1/../../../../arm-none-eabi/lib/thumb/v7e-m/fpv4-sp/hard\libc_nano.a
END GROUP
START GROUP
LOAD c:/st/stm32cubeide_1.1.0/stm32cubeide/plugins/com.st.stm32cube.ide.mcu.externaltools.gnu-tools-for-stm32.7-2018-q2-update.win32_1.0.0.201904181610/tools/bin/../lib/gcc/arm-none-eabi/7.3.1/thumb/v7e-m/fpv4-sp/hard\libgcc.a
LOAD c:/st/stm32cubeide_1.1.0/stm32cubeide/plugins/com.st.stm32cube.ide.mcu.externaltools.gnu-tools-for-stm32.7-2018-q2-update.win32_1.0.0.201904181610/tools/bin/../lib/gcc/arm-none-eabi/7.3.1/../../../../arm-none-eabi/lib/thumb/v7e-m/fpv4-sp/hard\libc_nano.a
LOAD c:/st/stm32cubeide_1.1.0/stm32cubeide/plugins/com.st.stm32cube.ide.mcu.externaltools.gnu-tools-for-stm32.7-2018-q2-update.win32_1.0.0.201904181610/tools/bin/../lib/gcc/arm-none-eabi/7.3.1/../../../../arm-none-eabi/lib/thumb/v7e-m/fpv4-sp/hard\libnosys.a
END GROUP
START GROUP
LOAD c:/st/stm32cubeide_1.1.0/stm32cubeide/plugins/com.st.stm32cube.ide.mcu.externaltools.gnu-tools-for-stm32.7-2018-q2-update.win32_1.0.0.201904181610/tools/bin/../lib/gcc/arm-none-eabi/7.3.1/thumb/v7e-m/fpv4-sp/hard\libgcc.a
LOAD c:/st/stm32cubeide_1.1.0/stm32cubeide/plugins/com.st.stm32cube.ide.mcu.externaltools.gnu-tools-for-stm32.7-2018-q2-update.win32_1.0.0.201904181610/tools/bin/../lib/gcc/arm-none-eabi/7.3.1/../../../../arm-none-eabi/lib/thumb/v7e-m/fpv4-sp/hard\libc_nano.a
LOAD c:/st/stm32cubeide_1.1.0/stm32cubeide/plugins/com.st.stm32cube.ide.mcu.externaltools.gnu-tools-for-stm32.7-2018-q2-update.win32_1.0.0.201904181610/tools/bin/../lib/gcc/arm-none-eabi/7.3.1/../../../../arm-none-eabi/lib/thumb/v7e-m/fpv4-sp/hard\libnosys.a
END GROUP
LOAD c:/st/stm32cubeide_1.1.0/stm32cubeide/plugins/com.st.stm32cube.ide.mcu.externaltools.gnu-tools-for-stm32.7-2018-q2-update.win32_1.0.0.201904181610/tools/bin/../lib/gcc/arm-none-eabi/7.3.1/thumb/v7e-m/fpv4-sp/hard/crtend.o
LOAD c:/st/stm32cubeide_1.1.0/stm32cubeide/plugins/com.st.stm32cube.ide.mcu.externaltools.gnu-tools-for-stm32.7-2018-q2-update.win32_1.0.0.201904181610/tools/bin/../lib/gcc/arm-none-eabi/7.3.1/thumb/v7e-m/fpv4-sp/hard/crtn.o
                0x0000000020003000                _estack = (ORIGIN (RAM) + LENGTH (RAM))
                0x0000000000000200                _Min_Heap_Size = 0x200
                0x0000000000000400                _Min_Stack_Size = 0x400

.isr_vector     0x0000000008000000      0x188
                0x0000000008000000                . = ALIGN (0x4)
 *(.isr_vector)
 .isr_vector    0x0000000008000000      0x188 Core/Startup/startup_stm32f303k8tx.o
                0x0000000008000000                g_pfnVectors
                0x0000000008000188                . = ALIGN (0x4)

.text           0x0000000008000188     0x1b7c
                0x0000000008000188                . = ALIGN (0x4)
 *(.text)
 .text          0x0000000008000188       0x40 c:/st/stm32cubeide_1.1.0/stm32cubeide/plugins/com.st.stm32cube.ide.mcu.externaltools.gnu-tools-for-stm32.7-2018-q2-update.win32_1.0.0.201904181610/tools/bin/../lib/gcc/arm-none-eabi/7.3.1/thumb/v7e-m/fpv4-sp/hard/crtbegin.o
 *(.text*)
 .text._ZN11CoordonneesC2Ev
                0x00000000080001c8       0x52 Core/Src/main.o
                0x00000000080001c8                Coordonnees::Coordonnees()
                0x00000000080001c8                Coordonnees::Coordonnees()
 .text._ZeqRK11CoordonneesS1_
                0x000000000800021a       0x4c Core/Src/main.o
                0x000000000800021a                operator==(Coordonnees const&, Coordonnees const&)
 .text._ZneRK11CoordonneesS1_
                0x0000000008000266       0x22 Core/Src/main.o
                0x0000000008000266                operator!=(Coordonnees const&, Coordonnees const&)
 .text._ZN11CoordonneespLERKS_
                0x0000000008000288      0x13a Core/Src/main.o
                0x0000000008000288                Coordonnees::operator+=(Coordonnees const&)
 .text._ZN11CoordonneesmIERKS_
                0x00000000080003c2      0x13a Core/Src/main.o
                0x00000000080003c2                Coordonnees::operator-=(Coordonnees const&)
 .text._ZplRK11CoordonneesS1_
                0x00000000080004fc       0x32 Core/Src/main.o
                0x00000000080004fc                operator+(Coordonnees const&, Coordonnees const&)
 .text._ZmiRK11CoordonneesS1_
                0x000000000800052e       0x32 Core/Src/main.o
                0x000000000800052e                operator-(Coordonnees const&, Coordonnees const&)
 .text._ZN11CoordonneesaSERKS_
                0x0000000008000560       0x3e Core/Src/main.o
                0x0000000008000560                Coordonnees::operator=(Coordonnees const&)
 .text.main     0x000000000800059e       0xc6 Core/Src/main.o
                0x000000000800059e                main
 .text._Z18SystemClock_Configv
                0x0000000008000664       0x8a Core/Src/main.o
                0x0000000008000664                SystemClock_Config()
 .text.Error_Handler
                0x00000000080006ee        0xe Core/Src/main.o
                0x00000000080006ee                Error_Handler
 .text.HAL_MspInit
                0x00000000080006fc       0x48 Core/Src/stm32f3xx_hal_msp.o
                0x00000000080006fc                HAL_MspInit
 .text.NMI_Handler
                0x0000000008000744        0xe Core/Src/stm32f3xx_it.o
                0x0000000008000744                NMI_Handler
 .text.HardFault_Handler
                0x0000000008000752        0x6 Core/Src/stm32f3xx_it.o
                0x0000000008000752                HardFault_Handler
 .text.MemManage_Handler
                0x0000000008000758        0x6 Core/Src/stm32f3xx_it.o
                0x0000000008000758                MemManage_Handler
 .text.BusFault_Handler
                0x000000000800075e        0x6 Core/Src/stm32f3xx_it.o
                0x000000000800075e                BusFault_Handler
 .text.UsageFault_Handler
                0x0000000008000764        0x6 Core/Src/stm32f3xx_it.o
                0x0000000008000764                UsageFault_Handler
 .text.SVC_Handler
                0x000000000800076a        0xe Core/Src/stm32f3xx_it.o
                0x000000000800076a                SVC_Handler
 .text.DebugMon_Handler
                0x0000000008000778        0xe Core/Src/stm32f3xx_it.o
                0x0000000008000778                DebugMon_Handler
 .text.PendSV_Handler
                0x0000000008000786        0xe Core/Src/stm32f3xx_it.o
                0x0000000008000786                PendSV_Handler
 .text.SysTick_Handler
                0x0000000008000794        0xc Core/Src/stm32f3xx_it.o
                0x0000000008000794                SysTick_Handler
 .text.SystemInit
                0x00000000080007a0       0x2c Core/Src/system_stm32f3xx.o
                0x00000000080007a0                SystemInit
 .text.Reset_Handler
                0x00000000080007cc       0x50 Core/Startup/startup_stm32f303k8tx.o
                0x00000000080007cc                Reset_Handler
 .text.Default_Handler
                0x000000000800081c        0x2 Core/Startup/startup_stm32f303k8tx.o
                0x000000000800081c                RTC_Alarm_IRQHandler
                0x000000000800081c                TIM1_CC_IRQHandler
                0x000000000800081c                PVD_IRQHandler
                0x000000000800081c                TAMP_STAMP_IRQHandler
                0x000000000800081c                EXTI3_IRQHandler
                0x000000000800081c                EXTI0_IRQHandler
                0x000000000800081c                FPU_IRQHandler
                0x000000000800081c                CAN_TX_IRQHandler
                0x000000000800081c                TIM1_UP_TIM16_IRQHandler
                0x000000000800081c                ADC1_2_IRQHandler
                0x000000000800081c                SPI1_IRQHandler
                0x000000000800081c                CAN_SCE_IRQHandler
                0x000000000800081c                DMA1_Channel4_IRQHandler
                0x000000000800081c                USART3_IRQHandler
                0x000000000800081c                DMA1_Channel7_IRQHandler
                0x000000000800081c                TIM7_DAC2_IRQHandler
                0x000000000800081c                CAN_RX1_IRQHandler
                0x000000000800081c                I2C1_EV_IRQHandler
                0x000000000800081c                DMA1_Channel6_IRQHandler
                0x000000000800081c                TIM3_IRQHandler
                0x000000000800081c                RCC_IRQHandler
                0x000000000800081c                DMA1_Channel1_IRQHandler
                0x000000000800081c                Default_Handler
                0x000000000800081c                EXTI15_10_IRQHandler
                0x000000000800081c                COMP2_IRQHandler
                0x000000000800081c                TIM6_DAC1_IRQHandler
                0x000000000800081c                EXTI9_5_IRQHandler
                0x000000000800081c                RTC_WKUP_IRQHandler
                0x000000000800081c                DMA1_Channel5_IRQHandler
                0x000000000800081c                EXTI4_IRQHandler
                0x000000000800081c                TIM1_TRG_COM_TIM17_IRQHandler
                0x000000000800081c                DMA1_Channel3_IRQHandler
                0x000000000800081c                WWDG_IRQHandler
                0x000000000800081c                TIM2_IRQHandler
                0x000000000800081c                EXTI1_IRQHandler
                0x000000000800081c                COMP4_6_IRQHandler
                0x000000000800081c                USART2_IRQHandler
                0x000000000800081c                DMA1_Channel2_IRQHandler
                0x000000000800081c                FLASH_IRQHandler
                0x000000000800081c                USART1_IRQHandler
                0x000000000800081c                CAN_RX0_IRQHandler
                0x000000000800081c                I2C1_ER_IRQHandler
                0x000000000800081c                EXTI2_TSC_IRQHandler
                0x000000000800081c                TIM1_BRK_TIM15_IRQHandler
 *fill*         0x000000000800081e        0x2 
 .text.HAL_Init
                0x0000000008000820       0x2c Drivers/STM32F3xx_HAL_Driver/Src/stm32f3xx_hal.o
                0x0000000008000820                HAL_Init
 .text.HAL_InitTick
                0x000000000800084c       0x60 Drivers/STM32F3xx_HAL_Driver/Src/stm32f3xx_hal.o
                0x000000000800084c                HAL_InitTick
 .text.HAL_IncTick
                0x00000000080008ac       0x28 Drivers/STM32F3xx_HAL_Driver/Src/stm32f3xx_hal.o
                0x00000000080008ac                HAL_IncTick
 .text.HAL_GetTick
                0x00000000080008d4       0x18 Drivers/STM32F3xx_HAL_Driver/Src/stm32f3xx_hal.o
                0x00000000080008d4                HAL_GetTick
 .text.__NVIC_SetPriorityGrouping
                0x00000000080008ec       0x48 Drivers/STM32F3xx_HAL_Driver/Src/stm32f3xx_hal_cortex.o
 .text.__NVIC_GetPriorityGrouping
                0x0000000008000934       0x1c Drivers/STM32F3xx_HAL_Driver/Src/stm32f3xx_hal_cortex.o
 .text.__NVIC_SetPriority
                0x0000000008000950       0x54 Drivers/STM32F3xx_HAL_Driver/Src/stm32f3xx_hal_cortex.o
 .text.NVIC_EncodePriority
                0x00000000080009a4       0x66 Drivers/STM32F3xx_HAL_Driver/Src/stm32f3xx_hal_cortex.o
 *fill*         0x0000000008000a0a        0x2 
 .text.SysTick_Config
                0x0000000008000a0c       0x44 Drivers/STM32F3xx_HAL_Driver/Src/stm32f3xx_hal_cortex.o
 .text.HAL_NVIC_SetPriorityGrouping
                0x0000000008000a50       0x16 Drivers/STM32F3xx_HAL_Driver/Src/stm32f3xx_hal_cortex.o
                0x0000000008000a50                HAL_NVIC_SetPriorityGrouping
 .text.HAL_NVIC_SetPriority
                0x0000000008000a66       0x38 Drivers/STM32F3xx_HAL_Driver/Src/stm32f3xx_hal_cortex.o
                0x0000000008000a66                HAL_NVIC_SetPriority
 .text.HAL_SYSTICK_Config
                0x0000000008000a9e       0x18 Drivers/STM32F3xx_HAL_Driver/Src/stm32f3xx_hal_cortex.o
                0x0000000008000a9e                HAL_SYSTICK_Config
 *fill*         0x0000000008000ab6        0x2 
 .text.HAL_RCC_OscConfig
                0x0000000008000ab8      0xe10 Drivers/STM32F3xx_HAL_Driver/Src/stm32f3xx_hal_rcc.o
                0x0000000008000ab8                HAL_RCC_OscConfig
 .text.HAL_RCC_ClockConfig
                0x00000000080018c8      0x2f8 Drivers/STM32F3xx_HAL_Driver/Src/stm32f3xx_hal_rcc.o
                0x00000000080018c8                HAL_RCC_ClockConfig
 .text.HAL_RCC_GetSysClockFreq
                0x0000000008001bc0       0xd4 Drivers/STM32F3xx_HAL_Driver/Src/stm32f3xx_hal_rcc.o
                0x0000000008001bc0                HAL_RCC_GetSysClockFreq
 .text.__libc_init_array
                0x0000000008001c94       0x48 c:/st/stm32cubeide_1.1.0/stm32cubeide/plugins/com.st.stm32cube.ide.mcu.externaltools.gnu-tools-for-stm32.7-2018-q2-update.win32_1.0.0.201904181610/tools/bin/../lib/gcc/arm-none-eabi/7.3.1/../../../../arm-none-eabi/lib/thumb/v7e-m/fpv4-sp/hard\libc_nano.a(lib_a-init.o)
                0x0000000008001c94                __libc_init_array
 .text.memset   0x0000000008001cdc       0x10 c:/st/stm32cubeide_1.1.0/stm32cubeide/plugins/com.st.stm32cube.ide.mcu.externaltools.gnu-tools-for-stm32.7-2018-q2-update.win32_1.0.0.201904181610/tools/bin/../lib/gcc/arm-none-eabi/7.3.1/../../../../arm-none-eabi/lib/thumb/v7e-m/fpv4-sp/hard\libc_nano.a(lib_a-memset.o)
                0x0000000008001cdc                memset
 *(.glue_7)
 .glue_7        0x0000000008001cec        0x0 linker stubs
 *(.glue_7t)
 .glue_7t       0x0000000008001cec        0x0 linker stubs
 *(.eh_frame)
 .eh_frame      0x0000000008001cec        0x0 c:/st/stm32cubeide_1.1.0/stm32cubeide/plugins/com.st.stm32cube.ide.mcu.externaltools.gnu-tools-for-stm32.7-2018-q2-update.win32_1.0.0.201904181610/tools/bin/../lib/gcc/arm-none-eabi/7.3.1/thumb/v7e-m/fpv4-sp/hard/crtbegin.o
 *(.init)
 .init          0x0000000008001cec        0x4 c:/st/stm32cubeide_1.1.0/stm32cubeide/plugins/com.st.stm32cube.ide.mcu.externaltools.gnu-tools-for-stm32.7-2018-q2-update.win32_1.0.0.201904181610/tools/bin/../lib/gcc/arm-none-eabi/7.3.1/thumb/v7e-m/fpv4-sp/hard/crti.o
                0x0000000008001cec                _init
 .init          0x0000000008001cf0        0x8 c:/st/stm32cubeide_1.1.0/stm32cubeide/plugins/com.st.stm32cube.ide.mcu.externaltools.gnu-tools-for-stm32.7-2018-q2-update.win32_1.0.0.201904181610/tools/bin/../lib/gcc/arm-none-eabi/7.3.1/thumb/v7e-m/fpv4-sp/hard/crtn.o
 *(.fini)
 .fini          0x0000000008001cf8        0x4 c:/st/stm32cubeide_1.1.0/stm32cubeide/plugins/com.st.stm32cube.ide.mcu.externaltools.gnu-tools-for-stm32.7-2018-q2-update.win32_1.0.0.201904181610/tools/bin/../lib/gcc/arm-none-eabi/7.3.1/thumb/v7e-m/fpv4-sp/hard/crti.o
                0x0000000008001cf8                _fini
 .fini          0x0000000008001cfc        0x8 c:/st/stm32cubeide_1.1.0/stm32cubeide/plugins/com.st.stm32cube.ide.mcu.externaltools.gnu-tools-for-stm32.7-2018-q2-update.win32_1.0.0.201904181610/tools/bin/../lib/gcc/arm-none-eabi/7.3.1/thumb/v7e-m/fpv4-sp/hard/crtn.o
                0x0000000008001d04                . = ALIGN (0x4)
                0x0000000008001d04                _etext = .

.vfp11_veneer   0x0000000008001d04        0x0
 .vfp11_veneer  0x0000000008001d04        0x0 linker stubs

.v4_bx          0x0000000008001d04        0x0
 .v4_bx         0x0000000008001d04        0x0 linker stubs

.iplt           0x0000000008001d04        0x0
 .iplt          0x0000000008001d04        0x0 c:/st/stm32cubeide_1.1.0/stm32cubeide/plugins/com.st.stm32cube.ide.mcu.externaltools.gnu-tools-for-stm32.7-2018-q2-update.win32_1.0.0.201904181610/tools/bin/../lib/gcc/arm-none-eabi/7.3.1/thumb/v7e-m/fpv4-sp/hard/crtbegin.o

.rodata         0x0000000008001d04       0x30
                0x0000000008001d04                . = ALIGN (0x4)
 *(.rodata)
 *(.rodata*)
 .rodata.AHBPrescTable
                0x0000000008001d04       0x10 Core/Src/system_stm32f3xx.o
                0x0000000008001d04                AHBPrescTable
 .rodata.aPLLMULFactorTable
                0x0000000008001d14       0x10 Drivers/STM32F3xx_HAL_Driver/Src/stm32f3xx_hal_rcc.o
                0x0000000008001d14                aPLLMULFactorTable
 .rodata.aPredivFactorTable
                0x0000000008001d24       0x10 Drivers/STM32F3xx_HAL_Driver/Src/stm32f3xx_hal_rcc.o
                0x0000000008001d24                aPredivFactorTable
                0x0000000008001d34                . = ALIGN (0x4)

.rel.dyn        0x0000000008001d34        0x0
 .rel.iplt      0x0000000008001d34        0x0 c:/st/stm32cubeide_1.1.0/stm32cubeide/plugins/com.st.stm32cube.ide.mcu.externaltools.gnu-tools-for-stm32.7-2018-q2-update.win32_1.0.0.201904181610/tools/bin/../lib/gcc/arm-none-eabi/7.3.1/thumb/v7e-m/fpv4-sp/hard/crtbegin.o

.ARM.extab      0x0000000008001d34        0x0
                0x0000000008001d34                . = ALIGN (0x4)
 *(.ARM.extab* .gnu.linkonce.armextab.*)
                0x0000000008001d34                . = ALIGN (0x4)

.ARM            0x0000000008001d34        0x0
                0x0000000008001d34                . = ALIGN (0x4)
                0x0000000008001d34                __exidx_start = .
 *(.ARM.exidx*)
                0x0000000008001d34                __exidx_end = .
                0x0000000008001d34                . = ALIGN (0x4)

.preinit_array  0x0000000008001d34        0x0
                0x0000000008001d34                . = ALIGN (0x4)
                0x0000000008001d34                PROVIDE (__preinit_array_start = .)
 *(.preinit_array*)
                0x0000000008001d34                PROVIDE (__preinit_array_end = .)
                0x0000000008001d34                . = ALIGN (0x4)

.init_array     0x0000000008001d34        0x4
                0x0000000008001d34                . = ALIGN (0x4)
                0x0000000008001d34                PROVIDE (__init_array_start = .)
 *(SORT_BY_NAME(.init_array.*))
 *(.init_array*)
 .init_array    0x0000000008001d34        0x4 c:/st/stm32cubeide_1.1.0/stm32cubeide/plugins/com.st.stm32cube.ide.mcu.externaltools.gnu-tools-for-stm32.7-2018-q2-update.win32_1.0.0.201904181610/tools/bin/../lib/gcc/arm-none-eabi/7.3.1/thumb/v7e-m/fpv4-sp/hard/crtbegin.o
                0x0000000008001d38                PROVIDE (__init_array_end = .)
                0x0000000008001d38                . = ALIGN (0x4)

.fini_array     0x0000000008001d38        0x4
                0x0000000008001d38                . = ALIGN (0x4)
                [!provide]                        PROVIDE (__fini_array_start = .)
 *(SORT_BY_NAME(.fini_array.*))
 *(.fini_array*)
 .fini_array    0x0000000008001d38        0x4 c:/st/stm32cubeide_1.1.0/stm32cubeide/plugins/com.st.stm32cube.ide.mcu.externaltools.gnu-tools-for-stm32.7-2018-q2-update.win32_1.0.0.201904181610/tools/bin/../lib/gcc/arm-none-eabi/7.3.1/thumb/v7e-m/fpv4-sp/hard/crtbegin.o
                [!provide]                        PROVIDE (__fini_array_end = .)
                0x0000000008001d3c                . = ALIGN (0x4)
                0x0000000008001d3c                _sidata = LOADADDR (.data)

.data           0x0000000020000000        0xc load address 0x0000000008001d3c
                0x0000000020000000                . = ALIGN (0x4)
                0x0000000020000000                _sdata = .
 *(.data)
 *(.data*)
 .data.SystemCoreClock
                0x0000000020000000        0x4 Core/Src/system_stm32f3xx.o
                0x0000000020000000                SystemCoreClock
 .data.uwTickPrio
                0x0000000020000004        0x4 Drivers/STM32F3xx_HAL_Driver/Src/stm32f3xx_hal.o
                0x0000000020000004                uwTickPrio
 .data.uwTickFreq
                0x0000000020000008        0x1 Drivers/STM32F3xx_HAL_Driver/Src/stm32f3xx_hal.o
                0x0000000020000008                uwTickFreq
                0x000000002000000c                . = ALIGN (0x4)
 *fill*         0x0000000020000009        0x3 
                0x000000002000000c                _edata = .

.igot.plt       0x000000002000000c        0x0 load address 0x0000000008001d48
 .igot.plt      0x000000002000000c        0x0 c:/st/stm32cubeide_1.1.0/stm32cubeide/plugins/com.st.stm32cube.ide.mcu.externaltools.gnu-tools-for-stm32.7-2018-q2-update.win32_1.0.0.201904181610/tools/bin/../lib/gcc/arm-none-eabi/7.3.1/thumb/v7e-m/fpv4-sp/hard/crtbegin.o
                0x000000002000000c                . = ALIGN (0x4)

.bss            0x000000002000000c       0x20 load address 0x0000000008001d48
                0x000000002000000c                _sbss = .
                0x000000002000000c                __bss_start__ = _sbss
 *(.bss)
 .bss           0x000000002000000c       0x1c c:/st/stm32cubeide_1.1.0/stm32cubeide/plugins/com.st.stm32cube.ide.mcu.externaltools.gnu-tools-for-stm32.7-2018-q2-update.win32_1.0.0.201904181610/tools/bin/../lib/gcc/arm-none-eabi/7.3.1/thumb/v7e-m/fpv4-sp/hard/crtbegin.o
 *(.bss*)
 *(COMMON)
 COMMON         0x0000000020000028        0x4 Drivers/STM32F3xx_HAL_Driver/Src/stm32f3xx_hal.o
                0x0000000020000028                uwTick
                0x000000002000002c                . = ALIGN (0x4)
                0x000000002000002c                _ebss = .
                0x000000002000002c                __bss_end__ = _ebss

._user_heap_stack
                0x000000002000002c      0x604 load address 0x0000000008001d48
                0x0000000020000030                . = ALIGN (0x8)
 *fill*         0x000000002000002c        0x4 
                0x0000000020000030                PROVIDE (end = .)
                [!provide]                        PROVIDE (_end = .)
                0x0000000020000230                . = (. + _Min_Heap_Size)
 *fill*         0x0000000020000030      0x200 
                0x0000000020000630                . = (. + _Min_Stack_Size)
 *fill*         0x0000000020000230      0x400 
                0x0000000020000630                . = ALIGN (0x8)

/DISCARD/
 libc.a(*)
 libm.a(*)
 libgcc.a(*)

.ARM.attributes
                0x0000000000000000       0x30
 *(.ARM.attributes)
 .ARM.attributes
                0x0000000000000000       0x22 c:/st/stm32cubeide_1.1.0/stm32cubeide/plugins/com.st.stm32cube.ide.mcu.externaltools.gnu-tools-for-stm32.7-2018-q2-update.win32_1.0.0.201904181610/tools/bin/../lib/gcc/arm-none-eabi/7.3.1/thumb/v7e-m/fpv4-sp/hard/crti.o
 .ARM.attributes
                0x0000000000000022       0x34 c:/st/stm32cubeide_1.1.0/stm32cubeide/plugins/com.st.stm32cube.ide.mcu.externaltools.gnu-tools-for-stm32.7-2018-q2-update.win32_1.0.0.201904181610/tools/bin/../lib/gcc/arm-none-eabi/7.3.1/thumb/v7e-m/fpv4-sp/hard/crtbegin.o
 .ARM.attributes
                0x0000000000000056       0x39 Core/Src/main.o
 .ARM.attributes
                0x000000000000008f       0x39 Core/Src/stm32f3xx_hal_msp.o
 .ARM.attributes
                0x00000000000000c8       0x39 Core/Src/stm32f3xx_it.o
 .ARM.attributes
                0x0000000000000101       0x39 Core/Src/system_stm32f3xx.o
 .ARM.attributes
                0x000000000000013a       0x21 Core/Startup/startup_stm32f303k8tx.o
 .ARM.attributes
                0x000000000000015b       0x39 Drivers/STM32F3xx_HAL_Driver/Src/stm32f3xx_hal.o
 .ARM.attributes
                0x0000000000000194       0x39 Drivers/STM32F3xx_HAL_Driver/Src/stm32f3xx_hal_cortex.o
 .ARM.attributes
                0x00000000000001cd       0x39 Drivers/STM32F3xx_HAL_Driver/Src/stm32f3xx_hal_rcc.o
 .ARM.attributes
                0x0000000000000206       0x34 c:/st/stm32cubeide_1.1.0/stm32cubeide/plugins/com.st.stm32cube.ide.mcu.externaltools.gnu-tools-for-stm32.7-2018-q2-update.win32_1.0.0.201904181610/tools/bin/../lib/gcc/arm-none-eabi/7.3.1/../../../../arm-none-eabi/lib/thumb/v7e-m/fpv4-sp/hard\libc_nano.a(lib_a-init.o)
 .ARM.attributes
                0x000000000000023a       0x34 c:/st/stm32cubeide_1.1.0/stm32cubeide/plugins/com.st.stm32cube.ide.mcu.externaltools.gnu-tools-for-stm32.7-2018-q2-update.win32_1.0.0.201904181610/tools/bin/../lib/gcc/arm-none-eabi/7.3.1/../../../../arm-none-eabi/lib/thumb/v7e-m/fpv4-sp/hard\libc_nano.a(lib_a-memset.o)
 .ARM.attributes
                0x000000000000026e       0x22 c:/st/stm32cubeide_1.1.0/stm32cubeide/plugins/com.st.stm32cube.ide.mcu.externaltools.gnu-tools-for-stm32.7-2018-q2-update.win32_1.0.0.201904181610/tools/bin/../lib/gcc/arm-none-eabi/7.3.1/thumb/v7e-m/fpv4-sp/hard/crtn.o
OUTPUT(nucleo-f303k8-compil_test.elf elf32-littlearm)

.debug_info     0x0000000000000000     0x5aa6
 .debug_info    0x0000000000000000     0x26e8 Core/Src/main.o
 .debug_info    0x00000000000026e8      0x278 Core/Src/stm32f3xx_hal_msp.o
 .debug_info    0x0000000000002960      0x20d Core/Src/stm32f3xx_it.o
 .debug_info    0x0000000000002b6d      0x45c Core/Src/system_stm32f3xx.o
 .debug_info    0x0000000000002fc9       0x22 Core/Startup/startup_stm32f303k8tx.o
 .debug_info    0x0000000000002feb      0x758 Drivers/STM32F3xx_HAL_Driver/Src/stm32f3xx_hal.o
 .debug_info    0x0000000000003743      0xb54 Drivers/STM32F3xx_HAL_Driver/Src/stm32f3xx_hal_cortex.o
 .debug_info    0x0000000000004297     0x180f Drivers/STM32F3xx_HAL_Driver/Src/stm32f3xx_hal_rcc.o

.debug_abbrev   0x0000000000000000      0xf3a
 .debug_abbrev  0x0000000000000000      0x506 Core/Src/main.o
 .debug_abbrev  0x0000000000000506      0x109 Core/Src/stm32f3xx_hal_msp.o
 .debug_abbrev  0x000000000000060f       0xc6 Core/Src/stm32f3xx_it.o
 .debug_abbrev  0x00000000000006d5      0x12b Core/Src/system_stm32f3xx.o
 .debug_abbrev  0x0000000000000800       0x12 Core/Startup/startup_stm32f303k8tx.o
 .debug_abbrev  0x0000000000000812      0x1c7 Drivers/STM32F3xx_HAL_Driver/Src/stm32f3xx_hal.o
 .debug_abbrev  0x00000000000009d9      0x2d5 Drivers/STM32F3xx_HAL_Driver/Src/stm32f3xx_hal_cortex.o
 .debug_abbrev  0x0000000000000cae      0x28c Drivers/STM32F3xx_HAL_Driver/Src/stm32f3xx_hal_rcc.o

.debug_aranges  0x0000000000000000      0x4f0
 .debug_aranges
                0x0000000000000000      0x1b8 Core/Src/main.o
 .debug_aranges
                0x00000000000001b8       0x20 Core/Src/stm32f3xx_hal_msp.o
 .debug_aranges
                0x00000000000001d8       0x60 Core/Src/stm32f3xx_it.o
 .debug_aranges
                0x0000000000000238       0x28 Core/Src/system_stm32f3xx.o
 .debug_aranges
                0x0000000000000260       0x28 Core/Startup/startup_stm32f303k8tx.o
 .debug_aranges
                0x0000000000000288       0xe0 Drivers/STM32F3xx_HAL_Driver/Src/stm32f3xx_hal.o
 .debug_aranges
                0x0000000000000368      0x100 Drivers/STM32F3xx_HAL_Driver/Src/stm32f3xx_hal_cortex.o
 .debug_aranges
                0x0000000000000468       0x88 Drivers/STM32F3xx_HAL_Driver/Src/stm32f3xx_hal_rcc.o

.debug_ranges   0x0000000000000000      0x478
 .debug_ranges  0x0000000000000000      0x1a8 Core/Src/main.o
 .debug_ranges  0x00000000000001a8       0x10 Core/Src/stm32f3xx_hal_msp.o
 .debug_ranges  0x00000000000001b8       0x50 Core/Src/stm32f3xx_it.o
 .debug_ranges  0x0000000000000208       0x18 Core/Src/system_stm32f3xx.o
 .debug_ranges  0x0000000000000220       0x20 Core/Startup/startup_stm32f303k8tx.o
 .debug_ranges  0x0000000000000240       0xd0 Drivers/STM32F3xx_HAL_Driver/Src/stm32f3xx_hal.o
 .debug_ranges  0x0000000000000310       0xf0 Drivers/STM32F3xx_HAL_Driver/Src/stm32f3xx_hal_cortex.o
 .debug_ranges  0x0000000000000400       0x78 Drivers/STM32F3xx_HAL_Driver/Src/stm32f3xx_hal_rcc.o

.debug_macro    0x0000000000000000    0x185b2
 .debug_macro   0x0000000000000000      0x2fb Core/Src/main.o
 .debug_macro   0x00000000000002fb      0xb2c Core/Src/main.o
 .debug_macro   0x0000000000000e27      0x14b Core/Src/main.o
 .debug_macro   0x0000000000000f72       0x2e Core/Src/main.o
 .debug_macro   0x0000000000000fa0       0x28 Core/Src/main.o
 .debug_macro   0x0000000000000fc8       0x1c Core/Src/main.o
 .debug_macro   0x0000000000000fe4       0x22 Core/Src/main.o
 .debug_macro   0x0000000000001006       0x8e Core/Src/main.o
 .debug_macro   0x0000000000001094       0x51 Core/Src/main.o
 .debug_macro   0x00000000000010e5       0xef Core/Src/main.o
 .debug_macro   0x00000000000011d4       0x6a Core/Src/main.o
 .debug_macro   0x000000000000123e      0x1df Core/Src/main.o
 .debug_macro   0x000000000000141d       0x1c Core/Src/main.o
 .debug_macro   0x0000000000001439       0x22 Core/Src/main.o
 .debug_macro   0x000000000000145b       0xdf Core/Src/main.o
 .debug_macro   0x000000000000153a      0xf07 Core/Src/main.o
 .debug_macro   0x0000000000002441    0x10bd9 Core/Src/main.o
 .debug_macro   0x000000000001301a       0x43 Core/Src/main.o
 .debug_macro   0x000000000001305d      0x17b Core/Src/main.o
 .debug_macro   0x00000000000131d8       0x53 Core/Src/main.o
 .debug_macro   0x000000000001322b      0x8f9 Core/Src/main.o
 .debug_macro   0x0000000000013b24      0x304 Core/Src/main.o
 .debug_macro   0x0000000000013e28      0x12f Core/Src/main.o
 .debug_macro   0x0000000000013f57      0x11b Core/Src/main.o
 .debug_macro   0x0000000000014072      0x1d5 Core/Src/main.o
 .debug_macro   0x0000000000014247      0x1bc Core/Src/main.o
 .debug_macro   0x0000000000014403       0x34 Core/Src/main.o
 .debug_macro   0x0000000000014437       0x3c Core/Src/main.o
 .debug_macro   0x0000000000014473       0x57 Core/Src/main.o
 .debug_macro   0x00000000000144ca       0xc5 Core/Src/main.o
 .debug_macro   0x000000000001458f      0x19f Core/Src/main.o
 .debug_macro   0x000000000001472e      0x22c Core/Src/main.o
 .debug_macro   0x000000000001495a       0x58 Core/Src/main.o
 .debug_macro   0x00000000000149b2       0xa5 Core/Src/main.o
 .debug_macro   0x0000000000014a57       0x81 Core/Src/main.o
 .debug_macro   0x0000000000014ad8       0xd3 Core/Src/main.o
 .debug_macro   0x0000000000014bab      0x285 Core/Src/main.o
 .debug_macro   0x0000000000014e30      0x168 Core/Src/main.o
 .debug_macro   0x0000000000014f98       0x10 Core/Src/main.o
 .debug_macro   0x0000000000014fa8      0x3f4 Core/Src/main.o
 .debug_macro   0x000000000001539c       0x18 Core/Src/main.o
 .debug_macro   0x00000000000153b4       0x46 Core/Src/main.o
 .debug_macro   0x00000000000153fa       0x18 Core/Src/main.o
 .debug_macro   0x0000000000015412       0x3c Core/Src/main.o
 .debug_macro   0x000000000001544e       0x34 Core/Src/main.o
 .debug_macro   0x0000000000015482       0x52 Core/Src/main.o
 .debug_macro   0x00000000000154d4       0x1f Core/Src/main.o
 .debug_macro   0x00000000000154f3       0x43 Core/Src/main.o
 .debug_macro   0x0000000000015536       0x20 Core/Src/main.o
 .debug_macro   0x0000000000015556      0x1a3 Core/Src/main.o
 .debug_macro   0x00000000000156f9      0x34d Core/Src/main.o
 .debug_macro   0x0000000000015a46      0x1da Core/Src/main.o
 .debug_macro   0x0000000000015c20       0x10 Core/Src/main.o
 .debug_macro   0x0000000000015c30       0x16 Core/Src/main.o
 .debug_macro   0x0000000000015c46       0x35 Core/Src/main.o
 .debug_macro   0x0000000000015c7b       0x16 Core/Src/main.o
 .debug_macro   0x0000000000015c91       0x29 Core/Src/main.o
 .debug_macro   0x0000000000015cba       0x10 Core/Src/main.o
 .debug_macro   0x0000000000015cca      0x3c7 Core/Src/main.o
 .debug_macro   0x0000000000016091       0x22 Core/Src/main.o
 .debug_macro   0x00000000000160b3       0x40 Core/Src/main.o
 .debug_macro   0x00000000000160f3      0x19f Core/Src/stm32f3xx_hal_msp.o
 .debug_macro   0x0000000000016292      0xa5a Core/Src/stm32f3xx_hal_msp.o
 .debug_macro   0x0000000000016cec      0xf07 Core/Src/stm32f3xx_hal_msp.o
 .debug_macro   0x0000000000017bf3      0x174 Core/Src/stm32f3xx_hal_msp.o
 .debug_macro   0x0000000000017d67      0x1a9 Core/Src/stm32f3xx_it.o
 .debug_macro   0x0000000000017f10      0x19b Core/Src/system_stm32f3xx.o
 .debug_macro   0x00000000000180ab      0x1b9 Drivers/STM32F3xx_HAL_Driver/Src/stm32f3xx_hal.o
 .debug_macro   0x0000000000018264      0x195 Drivers/STM32F3xx_HAL_Driver/Src/stm32f3xx_hal_cortex.o
 .debug_macro   0x00000000000183f9      0x1b9 Drivers/STM32F3xx_HAL_Driver/Src/stm32f3xx_hal_rcc.o

.debug_line     0x0000000000000000     0x436d
 .debug_line    0x0000000000000000     0x10f6 Core/Src/main.o
 .debug_line    0x00000000000010f6      0x638 Core/Src/stm32f3xx_hal_msp.o
 .debug_line    0x000000000000172e      0x6dc Core/Src/stm32f3xx_it.o
 .debug_line    0x0000000000001e0a      0x656 Core/Src/system_stm32f3xx.o
 .debug_line    0x0000000000002460       0x85 Core/Startup/startup_stm32f303k8tx.o
 .debug_line    0x00000000000024e5      0x813 Drivers/STM32F3xx_HAL_Driver/Src/stm32f3xx_hal.o
 .debug_line    0x0000000000002cf8      0x8ea Drivers/STM32F3xx_HAL_Driver/Src/stm32f3xx_hal_cortex.o
 .debug_line    0x00000000000035e2      0xd8b Drivers/STM32F3xx_HAL_Driver/Src/stm32f3xx_hal_rcc.o

.debug_str      0x0000000000000000    0x7f368
 .debug_str     0x0000000000000000    0x7e31a Core/Src/main.o
                                      0x7e731 (size before relaxing)
 .debug_str     0x000000000007e31a      0x252 Core/Src/stm32f3xx_hal_msp.o
                                      0x78178 (size before relaxing)
 .debug_str     0x000000000007e56c       0xbd Core/Src/stm32f3xx_it.o
                                      0x781af (size before relaxing)
 .debug_str     0x000000000007e629       0xd1 Core/Src/system_stm32f3xx.o
                                      0x7820c (size before relaxing)
 .debug_str     0x000000000007e6fa       0x36 Core/Startup/startup_stm32f303k8tx.o
                                         0x82 (size before relaxing)
 .debug_str     0x000000000007e730      0x60b Drivers/STM32F3xx_HAL_Driver/Src/stm32f3xx_hal.o
                                      0x78846 (size before relaxing)
 .debug_str     0x000000000007ed3b      0x2c8 Drivers/STM32F3xx_HAL_Driver/Src/stm32f3xx_hal_cortex.o
                                      0x78827 (size before relaxing)
 .debug_str     0x000000000007f003      0x365 Drivers/STM32F3xx_HAL_Driver/Src/stm32f3xx_hal_rcc.o
                                      0x78666 (size before relaxing)

.comment        0x0000000000000000       0x7b
 .comment       0x0000000000000000       0x7b Core/Src/main.o
                                         0x7c (size before relaxing)
 .comment       0x000000000000007b       0x7c Core/Src/stm32f3xx_hal_msp.o
 .comment       0x000000000000007b       0x7c Core/Src/stm32f3xx_it.o
 .comment       0x000000000000007b       0x7c Core/Src/system_stm32f3xx.o
 .comment       0x000000000000007b       0x7c Drivers/STM32F3xx_HAL_Driver/Src/stm32f3xx_hal.o
 .comment       0x000000000000007b       0x7c Drivers/STM32F3xx_HAL_Driver/Src/stm32f3xx_hal_cortex.o
 .comment       0x000000000000007b       0x7c Drivers/STM32F3xx_HAL_Driver/Src/stm32f3xx_hal_rcc.o

.debug_frame    0x0000000000000000     0x136c
 .debug_frame   0x0000000000000000      0x814 Core/Src/main.o
 .debug_frame   0x0000000000000814       0x38 Core/Src/stm32f3xx_hal_msp.o
 .debug_frame   0x000000000000084c      0x10c Core/Src/stm32f3xx_it.o
 .debug_frame   0x0000000000000958       0x58 Core/Src/system_stm32f3xx.o
 .debug_frame   0x00000000000009b0      0x334 Drivers/STM32F3xx_HAL_Driver/Src/stm32f3xx_hal.o
 .debug_frame   0x0000000000000ce4      0x428 Drivers/STM32F3xx_HAL_Driver/Src/stm32f3xx_hal_cortex.o
 .debug_frame   0x000000000000110c      0x214 Drivers/STM32F3xx_HAL_Driver/Src/stm32f3xx_hal_rcc.o
 .debug_frame   0x0000000000001320       0x2c c:/st/stm32cubeide_1.1.0/stm32cubeide/plugins/com.st.stm32cube.ide.mcu.externaltools.gnu-tools-for-stm32.7-2018-q2-update.win32_1.0.0.201904181610/tools/bin/../lib/gcc/arm-none-eabi/7.3.1/../../../../arm-none-eabi/lib/thumb/v7e-m/fpv4-sp/hard\libc_nano.a(lib_a-init.o)
 .debug_frame   0x000000000000134c       0x20 c:/st/stm32cubeide_1.1.0/stm32cubeide/plugins/com.st.stm32cube.ide.mcu.externaltools.gnu-tools-for-stm32.7-2018-q2-update.win32_1.0.0.201904181610/tools/bin/../lib/gcc/arm-none-eabi/7.3.1/../../../../arm-none-eabi/lib/thumb/v7e-m/fpv4-sp/hard\libc_nano.a(lib_a-memset.o)
